[LOG] System::create                           : Header version = 2.02.30. Current version = 2.02.30.
[LOG] SystemI::setOutputInternal               : Setting output to 'FMOD Core Audio Output'
[LOG] Manager::init                            : maxchannels = 256 studioflags = 00000006 flags 00000000 extradriverdata 0x0.
[LOG] SystemI::init                            : Initialize version=20230 (155271), maxchannels=256, flags=0x00020000
[LOG] OutputCoreAudio::init                    : Output running 2 channels at 48000Hz sample rate.
[LOG] OutputCoreAudio::init                    : Maximum hardware read size: 512 samples, Software buffer size: 512 samples, Number of software buffers: 4.
[LOG] Thread::initThread                       : Init FMOD stream thread. Affinity: 0x4000000000000003, Priority: 0xFFFF7FFB, Stack Size: 98304, Semaphore: No, Sleep Time: 10, Looping: Yes.
[LOG] Thread::initThread                       : Init FMOD mixer thread. Affinity: 0x4000000000000001, Priority: 0xFFFF7FFA, Stack Size: 81920, Semaphore: Yes, Sleep Time: 0, Looping: Yes.
[LOG] AsyncManager::init                       : manager 0x3976d2808 isAsync 0 updatePeriod 0.02
[LOG] AsyncManager::init                       : done
[LOG] PlaybackSystem::init                     : 
[LOG] Thread::initThread                       : Init FMOD Studio sample load thread. Affinity: 0x4000000000000003, Priority: 0xFFFF7FFD, Stack Size: 98304, Semaphore: No, Sleep Time: 1, Looping: No.
[LOG] PlaybackSystem::init                     : done
[LOG] Thread::initThread                       : Init FMOD Studio bank load thread. Affinity: 0x4000000000000003, Priority: 0xFFFF7FFD, Stack Size: 98304, Semaphore: No, Sleep Time: 1, Looping: No.
[LOG] Manager::init                            : done.
[LOG] Manager::readBank                        : fileversion = 135, compatVersion = 132 (oldest = 44, newest = 142)
[LOG] Manager::readBank                        : fileversion = 135, compatVersion = 132 (oldest = 44, newest = 142)
[LOG] Manager::readBank                        : fileversion = 135, compatVersion = 132 (oldest = 44, newest = 142)
[LOG] Manager::readBank                        : fileversion = 135, compatVersion = 132 (oldest = 44, newest = 142)
[LOG] Manager::readBank                        : fileversion = 135, compatVersion = 132 (oldest = 44, newest = 142)
[LOG] PlaybackSystem::acquireMasterBus         : Setting master channel group format to 6
[LOG] Manager::readBank                        : fileversion = 135, compatVersion = 132 (oldest = 44, newest = 142)
[WRN] ObjectLookup::get                        : Lookup failed for EventModel: {46f2d136-25e1-4f86-b773-4bef83ebf104}
[WRN] ObjectLookup::get                        : Lookup failed for EventModel: {46f2d136-25e1-4f86-b773-4bef83ebf104}
[WRN] ObjectLookup::get                        : Lookup failed for EventModel: {46f2d136-25e1-4f86-b773-4bef83ebf104}
[WRN] ObjectLookup::get                        : Lookup failed for EventModel: {203fe7eb-8213-4922-a9bd-79c586c05f58}
[LOG] SystemI::createSoundInternal             : Create name='', mode=0x02000202
[LOG] SystemI::createSoundInternal             : exinfo->cbsize             = 224
[LOG] SystemI::createSoundInternal             : exinfo->length             = 48288
[LOG] SystemI::createSoundInternal             : exinfo->fileoffset         = 4512
[LOG] SystemI::createSoundInternal             : exinfo->numsubsounds       = 1
[LOG] SystemI::createSoundInternal             : exinfo->inclusionlist      = 0x324a027f4
[LOG] SystemI::createSoundInternal             : exinfo->inclusionlistnum   = 1
[LOG] SystemI::createSoundInternal             : exinfo->suggestedsoundtype = 5
[LOG] SystemI::createSoundInternal             : exinfo->useropen           = 0x394656f40
[LOG] SystemI::createSoundInternal             : exinfo->userclose          = 0x394657010
[LOG] SystemI::createSoundInternal             : exinfo->userread           = 0x39465704c
[LOG] SystemI::createSoundInternal             : exinfo->userseek           = 0x39465711c
[LOG] SystemI::createSoundInternal             : exinfo->fileuserdata       = 0x12cfcc198
[LOG] SystemI::createSoundInternal             : exinfo->initialseekpostype = 1
[LOG] SystemI::DSPCodecPoolRegister            : register codec pool for pool type 5
[LOG] SystemI::createSoundInternal             : Sample 0/1: name='Pagina3', format=5, channels=2, frequency=48000, lengthbytes=16832, lengthpcm=75789, pcmblocksize=0, loopstart=0, loopend=0, mode=0x00000000, channelmask=0x00000000, channelorder=0, peakvolume=0.188965.
[LOG] SystemI::createSoundInternal             : Create name='', mode=0x02000202
[LOG] SystemI::createSoundInternal             : exinfo->cbsize             = 224
[LOG] SystemI::createSoundInternal             : exinfo->length             = 48288
[LOG] SystemI::createSoundInternal             : exinfo->fileoffset         = 4512
[LOG] SystemI::createSoundInternal             : exinfo->numsubsounds       = 1
[LOG] SystemI::createSoundInternal             : exinfo->inclusionlist      = 0x324a027f4
[LOG] SystemI::createSoundInternal             : exinfo->inclusionlistnum   = 1
[LOG] SystemI::createSoundInternal             : exinfo->suggestedsoundtype = 5
[LOG] SystemI::createSoundInternal             : exinfo->useropen           = 0x394656f40
[LOG] SystemI::createSoundInternal             : exinfo->userclose          = 0x394657010
[LOG] SystemI::createSoundInternal             : exinfo->userread           = 0x39465704c
[LOG] SystemI::createSoundInternal             : exinfo->userseek           = 0x39465711c
[LOG] SystemI::createSoundInternal             : exinfo->fileuserdata       = 0x12cfcc198
[LOG] SystemI::createSoundInternal             : exinfo->initialseekpostype = 1
[LOG] SystemI::DSPCodecPoolRegister            : register codec pool for pool type 5
[LOG] SystemI::createSoundInternal             : Sample 0/1: name='Pagina', format=5, channels=1, frequency=48000, lengthbytes=5888, lengthpcm=37337, pcmblocksize=0, loopstart=0, loopend=0, mode=0x00000000, channelmask=0x00000000, channelorder=0, peakvolume=0.525085.
[LOG] SystemI::createSoundInternal             : Create name='', mode=0x02000202
[LOG] SystemI::createSoundInternal             : exinfo->cbsize             = 224
[LOG] SystemI::createSoundInternal             : exinfo->length             = 48288
[LOG] SystemI::createSoundInternal             : exinfo->fileoffset         = 4512
[LOG] SystemI::createSoundInternal             : exinfo->numsubsounds       = 1
[LOG] SystemI::createSoundInternal             : exinfo->inclusionlist      = 0x324a027f4
[LOG] SystemI::createSoundInternal             : exinfo->inclusionlistnum   = 1
[LOG] SystemI::createSoundInternal             : exinfo->suggestedsoundtype = 5
[LOG] SystemI::createSoundInternal             : exinfo->useropen           = 0x394656f40
[LOG] SystemI::createSoundInternal             : exinfo->userclose          = 0x394657010
[LOG] SystemI::createSoundInternal             : exinfo->userread           = 0x39465704c
[LOG] SystemI::createSoundInternal             : exinfo->userseek           = 0x39465711c
[LOG] SystemI::createSoundInternal             : exinfo->fileuserdata       = 0x12cfcc198
[LOG] SystemI::createSoundInternal             : exinfo->initialseekpostype = 1
[LOG] SystemI::DSPCodecPoolRegister            : register codec pool for pool type 5
[LOG] SystemI::createSoundInternal             : Sample 0/1: name='Pagina2', format=5, channels=2, frequency=48000, lengthbytes=9664, lengthpcm=40124, pcmblocksize=0, loopstart=0, loopend=0, mode=0x00000000, channelmask=0x00000000, channelorder=0, peakvolume=0.178070.
[WRN] ObjectLookup::get                        : Lookup failed for EventModel: {9959679f-91da-4347-8f73-28039d4d4cb0}
[WRN] ObjectLookup::get                        : Lookup failed for EventModel: {46f2d136-25e1-4f86-b773-4bef83ebf104}
[WRN] ObjectLookup::get                        : Lookup failed for EventModel: {46f2d136-25e1-4f86-b773-4bef83ebf104}
[WRN] ObjectLookup::get                        : Lookup failed for EventModel: {46f2d136-25e1-4f86-b773-4bef83ebf104}
[WRN] ObjectLookup::get                        : Lookup failed for EventModel: {46f2d136-25e1-4f86-b773-4bef83ebf104}
[WRN] ObjectLookup::get                        : Lookup failed for EventModel: {46f2d136-25e1-4f86-b773-4bef83ebf104}
[WRN] ObjectLookup::get                        : Lookup failed for EventModel: {46f2d136-25e1-4f86-b773-4bef83ebf104}
[WRN] ObjectLookup::get                        : Lookup failed for EventModel: {203fe7eb-8213-4922-a9bd-79c586c05f58}
[WRN] ObjectLookup::get                        : Lookup failed for EventModel: {9959679f-91da-4347-8f73-28039d4d4cb0}
[WRN] ObjectLookup::get                        : Lookup failed for EventModel: {46f2d136-25e1-4f86-b773-4bef83ebf104}
[WRN] ObjectLookup::get                        : Lookup failed for EventModel: {46f2d136-25e1-4f86-b773-4bef83ebf104}
[WRN] ObjectLookup::get                        : Lookup failed for EventModel: {46f2d136-25e1-4f86-b773-4bef83ebf104}
[WRN] ObjectLookup::get                        : Lookup failed for EventModel: {46f2d136-25e1-4f86-b773-4bef83ebf104}
[WRN] ObjectLookup::get                        : Lookup failed for EventModel: {46f2d136-25e1-4f86-b773-4bef83ebf104}
[WRN] ObjectLookup::get                        : Lookup failed for EventModel: {46f2d136-25e1-4f86-b773-4bef83ebf104}
[WRN] ObjectLookup::get                        : Lookup failed for EventModel: {46f2d136-25e1-4f86-b773-4bef83ebf104}
[WRN] ObjectLookup::get                        : Lookup failed for EventModel: {46f2d136-25e1-4f86-b773-4bef83ebf104}
[WRN] ObjectLookup::get                        : Lookup failed for EventModel: {46f2d136-25e1-4f86-b773-4bef83ebf104}
[WRN] ObjectLookup::get                        : Lookup failed for EventModel: {46f2d136-25e1-4f86-b773-4bef83ebf104}
[WRN] ObjectLookup::get                        : Lookup failed for EventModel: {46f2d136-25e1-4f86-b773-4bef83ebf104}
[WRN] ObjectLookup::get                        : Lookup failed for EventModel: {46f2d136-25e1-4f86-b773-4bef83ebf104}
[WRN] ObjectLookup::get                        : Lookup failed for EventModel: {46f2d136-25e1-4f86-b773-4bef83ebf104}
[WRN] ObjectLookup::get                        : Lookup failed for EventModel: {46f2d136-25e1-4f86-b773-4bef83ebf104}
[WRN] ObjectLookup::get                        : Lookup failed for EventModel: {203fe7eb-8213-4922-a9bd-79c586c05f58}
[LOG] SystemI::mixerSuspend                    : Suspending output.
[LOG] Thread::callback                         : FMOD mixer thread finished.
[LOG] SystemI::mixerResume                     : Resuming output.
[LOG] OutputCoreAudio::init                    : Output running 2 channels at 48000Hz sample rate.
[LOG] OutputCoreAudio::init                    : Maximum hardware read size: 512 samples, Software buffer size: 512 samples, Number of software buffers: 4.
[LOG] Thread::initThread                       : Init FMOD mixer thread. Affinity: 0x4000000000000001, Priority: 0xFFFF7FFA, Stack Size: 81920, Semaphore: Yes, Sleep Time: 0, Looping: Yes.
[WRN] ObjectLookup::get                        : Lookup failed for EventModel: {9959679f-91da-4347-8f73-28039d4d4cb0}
[WRN] ObjectLookup::get                        : Lookup failed for EventModel: {46f2d136-25e1-4f86-b773-4bef83ebf104}
[WRN] ObjectLookup::get                        : Lookup failed for EventModel: {46f2d136-25e1-4f86-b773-4bef83ebf104}
[WRN] ObjectLookup::get                        : Lookup failed for EventModel: {46f2d136-25e1-4f86-b773-4bef83ebf104}
[WRN] ObjectLookup::get                        : Lookup failed for EventModel: {46f2d136-25e1-4f86-b773-4bef83ebf104}
[WRN] ObjectLookup::get                        : Lookup failed for EventModel: {46f2d136-25e1-4f86-b773-4bef83ebf104}
[WRN] ObjectLookup::get                        : Lookup failed for EventModel: {46f2d136-25e1-4f86-b773-4bef83ebf104}
[WRN] ObjectLookup::get                        : Lookup failed for EventModel: {46f2d136-25e1-4f86-b773-4bef83ebf104}
[WRN] ObjectLookup::get                        : Lookup failed for EventModel: {46f2d136-25e1-4f86-b773-4bef83ebf104}
[LOG] SoundI::release                          :  (0x324b1d4e8)
[LOG] SoundI::release                          :     Pagina (0x327599f88)
[LOG] SoundI::release                          :  (0x324b093b8)
[LOG] SoundI::release                          :     Pagina2 (0x324baedd8)
[LOG] SoundI::release                          :  (0x327535758)
[LOG] SoundI::release                          :     Pagina3 (0x3275609e8)
[LOG] Thread::callback                         : FMOD Studio update thread finished.
[LOG] Thread::callback                         : FMOD Studio bank load thread finished.
[LOG] Profile::disconnectAll                   : Profiler disconnecting all clients
[LOG] Thread::callback                         : FMOD Studio sample load thread finished.
[LOG] LiveUpdate::release                      : 
[LOG] LiveUpdate::reset                        : Reset connection (reason Disconnected)
[LOG] Thread::callback                         : FMOD stream thread finished.
[LOG] Thread::callback                         : FMOD mixer thread finished.
[LOG] Profile::disconnectAll                   : Profiler disconnecting all clients
[LOG] SystemI::close                           : Closed.
